// Vitest Snapshot v1, https://vitest.dev/guide/snapshot.html

exports[`<Login/> > render successfully 1`] = `
<body>
  <div>
    <div>
      <div
        class="container my-4"
      >
        <form
          data-testid="login-form"
        >
          <div
            class="mb-3"
          >
            <label
              class="form-label"
              for="email"
            >
              Email address
            </label>
            <input
              class="form-control "
              id="email"
              name="email"
              required=""
              type="email"
            />
          </div>
          <div
            class="mb-3"
          >
            <label
              class="form-label"
              for="password"
            >
              Password
            </label>
            <input
              class="form-control "
              id="password"
              name="password"
              required=""
              type="password"
            />
          </div>
          <button
            class="btn btn-success"
            type="submit"
          >
            Login
          </button>
        </form>
      </div>
    </div>
  </div>
</body>
`;
